// Jest Snapshot v1, https://goo.gl/fbAQLP

exports[`PageWrapper should render normally 1`] = `
<div>
  <div
    class="euiPanel euiPanel--borderRadiusMedium euiPanel--transparent euiPanel--noShadow euiPanel--noBorder euiPageContent euiPageContent--horizontalCenter"
    role="main"
    style="max-width: 75%; margin-top: 20px;"
  >
    Foo
  </div>
</div>
`;
